[{"name":"1981","location":"Finland","url":"https://i98i.bandcamp.com","genre":" Punk","tags":["anarcho-punk","post-punk","Punk"],"art_url":"https://f4.bcbits.com/img/a1898560976_7.jpg","match_score":0}]
