{"Bio":"Our new 7\" called \"Acts of Aggression\" is out now. Thanks for checking us out.","Links":[],"Embed":"https://bandcamp.com/EmbeddedPlayer/v=2/album=3334178136/size=large/tracklist=false/artwork=small/"}
