[{"name":"Turbo Inferno","location":"La Rioja, Spain","url":"https://turboinferno.bandcamp.com","genre":" Experimental","tags":["experimental electronic","experimental rock","Experimental","electronic music","Thrash noise","noise rock"],"art_url":"https://f4.bcbits.com/img/0005196872_23.jpg","match_score":0},{"name":"Turbo Nerd","location":"Easton, Pennsylvania","url":"https://turbonerd.bandcamp.com","genre":" Alternative","tags":["Alternative"],"art_url":"https://f4.bcbits.com/img/a1335948029_7.jpg","match_score":7},{"name":"Maestro Infernal","location":"SÃ£o Paulo, Brazil","url":"https://maestroinfernal.bandcamp.com","genre":" Ambient","tags":["noise","Ambient","dark ambient","industrial","experimental"],"art_url":"https://f4.bcbits.com/img/0003247619_23.jpg","match_score":10}]
