{"Bio":"Bastard Noise desde la rendija de una puerta mal cerrada en la cabina de control de una estacion de metro.","Links":[{"URI":"http://www.turboinferno.com","Text":"turboinferno.com"}],"Embed":""}
